error: only one variant can be #[serde(other)]
 --> tests/ui/multiple_others.rs:3:10
  |
3 | #[derive(Deserialize_repr_clamp)]
  |          ^^^^^^^^^^^^^^^^^^^^^^
  |
  = note: this error originates in the derive macro `Deserialize_repr_clamp` (in Nightly builds, run with -Z macro-backtrace for more info)
